  Wiederherzustellende Projekte werden ermittelt...
  Alle Projekte sind für die Wiederherstellung auf dem neuesten Stand.
  Parseus -> C:\Users\fenex\OneDrive\Dokumente\Code\Rider-Projects\CompilerProject\Parseus\bin\Debug\net9.0\Parseus.dll
C:\Users\fenex\OneDrive\Dokumente\Code\GitHub\Parseus\src\Example\One\TestParser.cs(74,21): error CS0103: Der Name "Literal" ist im aktuellen Kontext nicht vorhanden. [C:\Users\fenex\OneDrive\Dokumente\Code\GitHub\Parseus\Parseus.csproj]
C:\Users\fenex\OneDrive\Dokumente\Code\GitHub\Parseus\src\Example\One\TestParser.cs(75,3): error CS0103: Der Name "Node" ist im aktuellen Kontext nicht vorhanden. [C:\Users\fenex\OneDrive\Dokumente\Code\GitHub\Parseus\Parseus.csproj]
C:\Users\fenex\OneDrive\Dokumente\Code\GitHub\Parseus\src\Example\One\TestParser.cs(77,4): error CS0103: Der Name "Token" ist im aktuellen Kontext nicht vorhanden. [C:\Users\fenex\OneDrive\Dokumente\Code\GitHub\Parseus\Parseus.csproj]
C:\Users\fenex\OneDrive\Dokumente\Code\GitHub\Parseus\src\Example\One\TestParser.cs(78,4): error CS0103: Der Name "Token" ist im aktuellen Kontext nicht vorhanden. [C:\Users\fenex\OneDrive\Dokumente\Code\GitHub\Parseus\Parseus.csproj]
C:\Users\fenex\OneDrive\Dokumente\Code\GitHub\Parseus\src\Example\One\TestParser.cs(81,6): error CS0103: Der Name "Node" ist im aktuellen Kontext nicht vorhanden. [C:\Users\fenex\OneDrive\Dokumente\Code\GitHub\Parseus\Parseus.csproj]
C:\Users\fenex\OneDrive\Dokumente\Code\GitHub\Parseus\src\Example\One\TestParser.cs(86,4): error CS0103: Der Name "Token" ist im aktuellen Kontext nicht vorhanden. [C:\Users\fenex\OneDrive\Dokumente\Code\GitHub\Parseus\Parseus.csproj]
C:\Users\fenex\OneDrive\Dokumente\Code\GitHub\Parseus\src\Example\One\TestParser.cs(90,3): error CS0103: Der Name "Node" ist im aktuellen Kontext nicht vorhanden. [C:\Users\fenex\OneDrive\Dokumente\Code\GitHub\Parseus\Parseus.csproj]
C:\Users\fenex\OneDrive\Dokumente\Code\GitHub\Parseus\src\Example\One\TestParser.cs(91,3): error CS0103: Der Name "Token" ist im aktuellen Kontext nicht vorhanden. [C:\Users\fenex\OneDrive\Dokumente\Code\GitHub\Parseus\Parseus.csproj]
C:\Users\fenex\OneDrive\Dokumente\Code\GitHub\Parseus\src\Example\One\TestParser.cs(92,3): error CS0103: Der Name "Token" ist im aktuellen Kontext nicht vorhanden. [C:\Users\fenex\OneDrive\Dokumente\Code\GitHub\Parseus\Parseus.csproj]
C:\Users\fenex\OneDrive\Dokumente\Code\GitHub\Parseus\src\Example\One\TestParser.cs(95,3): error CS0103: Der Name "Token" ist im aktuellen Kontext nicht vorhanden. [C:\Users\fenex\OneDrive\Dokumente\Code\GitHub\Parseus\Parseus.csproj]
C:\Users\fenex\OneDrive\Dokumente\Code\GitHub\Parseus\src\Tests\TestParser.cs(132,4): error CS0103: Der Name "Node" ist im aktuellen Kontext nicht vorhanden. [C:\Users\fenex\OneDrive\Dokumente\Code\GitHub\Parseus\Parseus.csproj]
C:\Users\fenex\OneDrive\Dokumente\Code\GitHub\Parseus\src\Tests\TestParser.cs(138,3): error CS0103: Der Name "Token" ist im aktuellen Kontext nicht vorhanden. [C:\Users\fenex\OneDrive\Dokumente\Code\GitHub\Parseus\Parseus.csproj]
C:\Users\fenex\OneDrive\Dokumente\Code\GitHub\Parseus\src\Tests\TestParser.cs(139,3): error CS0103: Der Name "Token" ist im aktuellen Kontext nicht vorhanden. [C:\Users\fenex\OneDrive\Dokumente\Code\GitHub\Parseus\Parseus.csproj]
C:\Users\fenex\OneDrive\Dokumente\Code\GitHub\Parseus\src\Tests\TestParser.cs(141,4): error CS0103: Der Name "Token" ist im aktuellen Kontext nicht vorhanden. [C:\Users\fenex\OneDrive\Dokumente\Code\GitHub\Parseus\Parseus.csproj]
C:\Users\fenex\OneDrive\Dokumente\Code\GitHub\Parseus\src\Parser\Examples\Ini-Implicit\IniParser.cs(104,4): error CS0103: Der Name "Node" ist im aktuellen Kontext nicht vorhanden. [C:\Users\fenex\OneDrive\Dokumente\Code\GitHub\Parseus\Parseus.csproj]
C:\Users\fenex\OneDrive\Dokumente\Code\GitHub\Parseus\src\Parser\Examples\Ini-Implicit\IniParser.cs(109,3): error CS0103: Der Name "Literal" ist im aktuellen Kontext nicht vorhanden. [C:\Users\fenex\OneDrive\Dokumente\Code\GitHub\Parseus\Parseus.csproj]
C:\Users\fenex\OneDrive\Dokumente\Code\GitHub\Parseus\src\Parser\Examples\Ini-Implicit\IniParser.cs(110,3): error CS0103: Der Name "Node" ist im aktuellen Kontext nicht vorhanden. [C:\Users\fenex\OneDrive\Dokumente\Code\GitHub\Parseus\Parseus.csproj]
C:\Users\fenex\OneDrive\Dokumente\Code\GitHub\Parseus\src\Parser\Examples\Ini-Implicit\IniParser.cs(111,3): error CS0103: Der Name "Literal" ist im aktuellen Kontext nicht vorhanden. [C:\Users\fenex\OneDrive\Dokumente\Code\GitHub\Parseus\Parseus.csproj]
C:\Users\fenex\OneDrive\Dokumente\Code\GitHub\Parseus\src\Parser\Examples\Ini-Implicit\IniParser.cs(112,3): error CS0103: Der Name "Token" ist im aktuellen Kontext nicht vorhanden. [C:\Users\fenex\OneDrive\Dokumente\Code\GitHub\Parseus\Parseus.csproj]
C:\Users\fenex\OneDrive\Dokumente\Code\GitHub\Parseus\src\Parser\Examples\Ini-Implicit\IniParser.cs(114,4): error CS0103: Der Name "Node" ist im aktuellen Kontext nicht vorhanden. [C:\Users\fenex\OneDrive\Dokumente\Code\GitHub\Parseus\Parseus.csproj]
C:\Users\fenex\OneDrive\Dokumente\Code\GitHub\Parseus\src\Parser\Examples\Ini-Implicit\IniParser.cs(119,3): error CS0103: Der Name "Node" ist im aktuellen Kontext nicht vorhanden. [C:\Users\fenex\OneDrive\Dokumente\Code\GitHub\Parseus\Parseus.csproj]
C:\Users\fenex\OneDrive\Dokumente\Code\GitHub\Parseus\src\Parser\Examples\Ini-Implicit\IniParser.cs(120,3): error CS0103: Der Name "Literal" ist im aktuellen Kontext nicht vorhanden. [C:\Users\fenex\OneDrive\Dokumente\Code\GitHub\Parseus\Parseus.csproj]
C:\Users\fenex\OneDrive\Dokumente\Code\GitHub\Parseus\src\Parser\Examples\Ini-Implicit\IniParser.cs(121,3): error CS0103: Der Name "Node" ist im aktuellen Kontext nicht vorhanden. [C:\Users\fenex\OneDrive\Dokumente\Code\GitHub\Parseus\Parseus.csproj]
C:\Users\fenex\OneDrive\Dokumente\Code\GitHub\Parseus\src\Parser\Examples\Ini-Implicit\IniParser.cs(122,15): error CS0103: Der Name "Token" ist im aktuellen Kontext nicht vorhanden. [C:\Users\fenex\OneDrive\Dokumente\Code\GitHub\Parseus\Parseus.csproj]
C:\Users\fenex\OneDrive\Dokumente\Code\GitHub\Parseus\src\Parser\Examples\Ini-Implicit\IniParser.cs(127,4): error CS0103: Der Name "Token" ist im aktuellen Kontext nicht vorhanden. [C:\Users\fenex\OneDrive\Dokumente\Code\GitHub\Parseus\Parseus.csproj]
C:\Users\fenex\OneDrive\Dokumente\Code\GitHub\Parseus\src\Parser\Examples\Ini-Implicit\IniParser.cs(130,4): error CS0103: Der Name "Token" ist im aktuellen Kontext nicht vorhanden. [C:\Users\fenex\OneDrive\Dokumente\Code\GitHub\Parseus\Parseus.csproj]
C:\Users\fenex\OneDrive\Dokumente\Code\GitHub\Parseus\src\Parser\Examples\Ini-Implicit\IniParser.cs(133,4): error CS0103: Der Name "Token" ist im aktuellen Kontext nicht vorhanden. [C:\Users\fenex\OneDrive\Dokumente\Code\GitHub\Parseus\Parseus.csproj]
C:\Users\fenex\OneDrive\Dokumente\Code\GitHub\Parseus\src\Parser\Examples\Ini-Implicit\IniParser.cs(136,4): error CS0103: Der Name "Node" ist im aktuellen Kontext nicht vorhanden. [C:\Users\fenex\OneDrive\Dokumente\Code\GitHub\Parseus\Parseus.csproj]
C:\Users\fenex\OneDrive\Dokumente\Code\GitHub\Parseus\src\Parser\Examples\Ini-Implicit\IniParser.cs(142,3): error CS0103: Der Name "Literal" ist im aktuellen Kontext nicht vorhanden. [C:\Users\fenex\OneDrive\Dokumente\Code\GitHub\Parseus\Parseus.csproj]
C:\Users\fenex\OneDrive\Dokumente\Code\GitHub\Parseus\src\Parser\Examples\Ini-Implicit\IniParser.cs(143,3): error CS0103: Der Name "Node" ist im aktuellen Kontext nicht vorhanden. [C:\Users\fenex\OneDrive\Dokumente\Code\GitHub\Parseus\Parseus.csproj]
C:\Users\fenex\OneDrive\Dokumente\Code\GitHub\Parseus\src\Parser\Examples\Ini-Implicit\IniParser.cs(145,4): error CS0103: Der Name "Literal" ist im aktuellen Kontext nicht vorhanden. [C:\Users\fenex\OneDrive\Dokumente\Code\GitHub\Parseus\Parseus.csproj]
C:\Users\fenex\OneDrive\Dokumente\Code\GitHub\Parseus\src\Parser\Examples\Ini-Implicit\IniParser.cs(146,4): error CS0103: Der Name "Node" ist im aktuellen Kontext nicht vorhanden. [C:\Users\fenex\OneDrive\Dokumente\Code\GitHub\Parseus\Parseus.csproj]
C:\Users\fenex\OneDrive\Dokumente\Code\GitHub\Parseus\src\Parser\Examples\Ini-Implicit\IniParser.cs(148,3): error CS0103: Der Name "Literal" ist im aktuellen Kontext nicht vorhanden. [C:\Users\fenex\OneDrive\Dokumente\Code\GitHub\Parseus\Parseus.csproj]
C:\Users\fenex\OneDrive\Dokumente\Code\GitHub\Parseus\src\Parser\Examples\Ini-Implicit\IniParser.cs(152,3): error CS0103: Der Name "Token" ist im aktuellen Kontext nicht vorhanden. [C:\Users\fenex\OneDrive\Dokumente\Code\GitHub\Parseus\Parseus.csproj]
C:\Users\fenex\OneDrive\Dokumente\Code\GitHub\Parseus\src\Parser\Examples\SBNF-Implicit\SbnfParser_Parseus.cs(146,5): error CS0103: Der Name "Node" ist im aktuellen Kontext nicht vorhanden. [C:\Users\fenex\OneDrive\Dokumente\Code\GitHub\Parseus\Parseus.csproj]
C:\Users\fenex\OneDrive\Dokumente\Code\GitHub\Parseus\src\Parser\Examples\SBNF-Implicit\SbnfParser_Parseus.cs(152,3): error CS0103: Der Name "Token" ist im aktuellen Kontext nicht vorhanden. [C:\Users\fenex\OneDrive\Dokumente\Code\GitHub\Parseus\Parseus.csproj]
C:\Users\fenex\OneDrive\Dokumente\Code\GitHub\Parseus\src\Parser\Examples\SBNF-Implicit\SbnfParser_Parseus.cs(153,3): error CS0103: Der Name "Token" ist im aktuellen Kontext nicht vorhanden. [C:\Users\fenex\OneDrive\Dokumente\Code\GitHub\Parseus\Parseus.csproj]
C:\Users\fenex\OneDrive\Dokumente\Code\GitHub\Parseus\src\Parser\Examples\SBNF-Implicit\SbnfParser_Parseus.cs(154,3): error CS0103: Der Name "Node" ist im aktuellen Kontext nicht vorhanden. [C:\Users\fenex\OneDrive\Dokumente\Code\GitHub\Parseus\Parseus.csproj]
C:\Users\fenex\OneDrive\Dokumente\Code\GitHub\Parseus\src\Parser\Examples\SBNF-Implicit\SbnfParser_Parseus.cs(155,3): error CS0103: Der Name "Token" ist im aktuellen Kontext nicht vorhanden. [C:\Users\fenex\OneDrive\Dokumente\Code\GitHub\Parseus\Parseus.csproj]
C:\Users\fenex\OneDrive\Dokumente\Code\GitHub\Parseus\src\Parser\Examples\SBNF-Implicit\SbnfParser_Parseus.cs(159,3): error CS0103: Der Name "Node" ist im aktuellen Kontext nicht vorhanden. [C:\Users\fenex\OneDrive\Dokumente\Code\GitHub\Parseus\Parseus.csproj]
C:\Users\fenex\OneDrive\Dokumente\Code\GitHub\Parseus\src\Parser\Examples\SBNF-Implicit\SbnfParser_Parseus.cs(162,5): error CS0103: Der Name "Token" ist im aktuellen Kontext nicht vorhanden. [C:\Users\fenex\OneDrive\Dokumente\Code\GitHub\Parseus\Parseus.csproj]
C:\Users\fenex\OneDrive\Dokumente\Code\GitHub\Parseus\src\Parser\Examples\SBNF-Implicit\SbnfParser_Parseus.cs(163,5): error CS0103: Der Name "Node" ist im aktuellen Kontext nicht vorhanden. [C:\Users\fenex\OneDrive\Dokumente\Code\GitHub\Parseus\Parseus.csproj]
C:\Users\fenex\OneDrive\Dokumente\Code\GitHub\Parseus\src\Parser\Examples\SBNF-Implicit\SbnfParser_Parseus.cs(170,4): error CS0103: Der Name "Node" ist im aktuellen Kontext nicht vorhanden. [C:\Users\fenex\OneDrive\Dokumente\Code\GitHub\Parseus\Parseus.csproj]
C:\Users\fenex\OneDrive\Dokumente\Code\GitHub\Parseus\src\Parser\Examples\SBNF-Implicit\SbnfParser_Parseus.cs(176,3): error CS0103: Der Name "Node" ist im aktuellen Kontext nicht vorhanden. [C:\Users\fenex\OneDrive\Dokumente\Code\GitHub\Parseus\Parseus.csproj]
C:\Users\fenex\OneDrive\Dokumente\Code\GitHub\Parseus\src\Parser\Examples\SBNF-Implicit\SbnfParser_Parseus.cs(186,4): error CS0103: Der Name "Token" ist im aktuellen Kontext nicht vorhanden. [C:\Users\fenex\OneDrive\Dokumente\Code\GitHub\Parseus\Parseus.csproj]
C:\Users\fenex\OneDrive\Dokumente\Code\GitHub\Parseus\src\Parser\Examples\SBNF-Implicit\SbnfParser_Parseus.cs(187,4): error CS0103: Der Name "Node" ist im aktuellen Kontext nicht vorhanden. [C:\Users\fenex\OneDrive\Dokumente\Code\GitHub\Parseus\Parseus.csproj]
C:\Users\fenex\OneDrive\Dokumente\Code\GitHub\Parseus\src\Parser\Examples\SBNF-Implicit\SbnfParser_Parseus.cs(191,4): error CS0103: Der Name "Token" ist im aktuellen Kontext nicht vorhanden. [C:\Users\fenex\OneDrive\Dokumente\Code\GitHub\Parseus\Parseus.csproj]
C:\Users\fenex\OneDrive\Dokumente\Code\GitHub\Parseus\src\Parser\Examples\SBNF-Implicit\SbnfParser_Parseus.cs(193,4): error CS0103: Der Name "Token" ist im aktuellen Kontext nicht vorhanden. [C:\Users\fenex\OneDrive\Dokumente\Code\GitHub\Parseus\Parseus.csproj]
C:\Users\fenex\OneDrive\Dokumente\Code\GitHub\Parseus\src\Parser\Examples\SBNF-Implicit\SbnfParser_Parseus.cs(194,4): error CS0103: Der Name "Node" ist im aktuellen Kontext nicht vorhanden. [C:\Users\fenex\OneDrive\Dokumente\Code\GitHub\Parseus\Parseus.csproj]
C:\Users\fenex\OneDrive\Dokumente\Code\GitHub\Parseus\src\Parser\Examples\SBNF-Implicit\SbnfParser_Parseus.cs(198,4): error CS0103: Der Name "Token" ist im aktuellen Kontext nicht vorhanden. [C:\Users\fenex\OneDrive\Dokumente\Code\GitHub\Parseus\Parseus.csproj]
C:\Users\fenex\OneDrive\Dokumente\Code\GitHub\Parseus\src\Parser\Examples\SBNF-Implicit\SbnfParser_Parseus.cs(200,4): error CS0103: Der Name "Token" ist im aktuellen Kontext nicht vorhanden. [C:\Users\fenex\OneDrive\Dokumente\Code\GitHub\Parseus\Parseus.csproj]
C:\Users\fenex\OneDrive\Dokumente\Code\GitHub\Parseus\src\Parser\Examples\SBNF-Implicit\SbnfParser_Parseus.cs(201,4): error CS0103: Der Name "Node" ist im aktuellen Kontext nicht vorhanden. [C:\Users\fenex\OneDrive\Dokumente\Code\GitHub\Parseus\Parseus.csproj]
C:\Users\fenex\OneDrive\Dokumente\Code\GitHub\Parseus\src\Parser\Examples\SBNF-Implicit\SbnfParser_Parseus.cs(205,4): error CS0103: Der Name "Token" ist im aktuellen Kontext nicht vorhanden. [C:\Users\fenex\OneDrive\Dokumente\Code\GitHub\Parseus\Parseus.csproj]
C:\Users\fenex\OneDrive\Dokumente\Code\GitHub\Parseus\src\Parser\Examples\SBNF-Implicit\SbnfParser_Parseus.cs(207,4): error CS0103: Der Name "Token" ist im aktuellen Kontext nicht vorhanden. [C:\Users\fenex\OneDrive\Dokumente\Code\GitHub\Parseus\Parseus.csproj]
C:\Users\fenex\OneDrive\Dokumente\Code\GitHub\Parseus\src\Parser\Examples\SBNF-Implicit\SbnfParser_Parseus.cs(212,4): error CS0103: Der Name "Token" ist im aktuellen Kontext nicht vorhanden. [C:\Users\fenex\OneDrive\Dokumente\Code\GitHub\Parseus\Parseus.csproj]
C:\Users\fenex\OneDrive\Dokumente\Code\GitHub\Parseus\src\Example\NanoScriptParserExample.cs(54,24): error CS0117: "BaseParser" enthält keine Definition für "OutputDiagnostics". [C:\Users\fenex\OneDrive\Dokumente\Code\GitHub\Parseus\Parseus.csproj]
C:\Users\fenex\OneDrive\Dokumente\Code\GitHub\Parseus\src\Example\NanoScriptParserExample.cs(55,56): error CS0117: "BaseParser" enthält keine Definition für "GetDiagnosticSummary". [C:\Users\fenex\OneDrive\Dokumente\Code\GitHub\Parseus\Parseus.csproj]
C:\Users\fenex\OneDrive\Dokumente\Code\GitHub\Parseus\src\Util\ArrayReader.cs(79,21): warning CS0168: Die Variable "e" ist deklariert, wird aber nie verwendet. [C:\Users\fenex\OneDrive\Dokumente\Code\GitHub\Parseus\Parseus.csproj]
C:\Users\fenex\OneDrive\Dokumente\Code\GitHub\Parseus\src\Example\NanoScriptParserExample.cs(64,24): error CS0117: "BaseParser" enthält keine Definition für "ReportError". [C:\Users\fenex\OneDrive\Dokumente\Code\GitHub\Parseus\Parseus.csproj]
C:\Users\fenex\OneDrive\Dokumente\Code\GitHub\Parseus\src\Example\NanoScriptParserExample.cs(71,24): error CS0117: "BaseParser" enthält keine Definition für "ReportError". [C:\Users\fenex\OneDrive\Dokumente\Code\GitHub\Parseus\Parseus.csproj]
C:\Users\fenex\OneDrive\Dokumente\Code\GitHub\Parseus\src\Example\NanoScriptParserExample.cs(78,24): error CS0117: "BaseParser" enthält keine Definition für "ReportError". [C:\Users\fenex\OneDrive\Dokumente\Code\GitHub\Parseus\Parseus.csproj]
C:\Users\fenex\OneDrive\Dokumente\Code\GitHub\Parseus\src\Example\NanoScriptParserExample.cs(89,28): error CS0117: "BaseParser" enthält keine Definition für "ReportError". [C:\Users\fenex\OneDrive\Dokumente\Code\GitHub\Parseus\Parseus.csproj]
C:\Users\fenex\OneDrive\Dokumente\Code\GitHub\Parseus\src\Example\NanoScriptParserExample.cs(90,28): error CS0117: "BaseParser" enthält keine Definition für "ReportNote". [C:\Users\fenex\OneDrive\Dokumente\Code\GitHub\Parseus\Parseus.csproj]
C:\Users\fenex\OneDrive\Dokumente\Code\GitHub\Parseus\src\Example\DiagnosticExample.cs(190,20): error CS0117: "BaseParser" enthält keine Definition für "ReportError". [C:\Users\fenex\OneDrive\Dokumente\Code\GitHub\Parseus\Parseus.csproj]
C:\Users\fenex\OneDrive\Dokumente\Code\GitHub\Parseus\src\Example\DiagnosticExample.cs(193,20): error CS0117: "BaseParser" enthält keine Definition für "ReportWarning". [C:\Users\fenex\OneDrive\Dokumente\Code\GitHub\Parseus\Parseus.csproj]
C:\Users\fenex\OneDrive\Dokumente\Code\GitHub\Parseus\src\Example\DiagnosticExample.cs(196,20): error CS0117: "BaseParser" enthält keine Definition für "ReportNote". [C:\Users\fenex\OneDrive\Dokumente\Code\GitHub\Parseus\Parseus.csproj]
C:\Users\fenex\OneDrive\Dokumente\Code\GitHub\Parseus\src\Example\DiagnosticExample.cs(199,20): error CS0117: "BaseParser" enthält keine Definition für "OutputDiagnostics". [C:\Users\fenex\OneDrive\Dokumente\Code\GitHub\Parseus\Parseus.csproj]
C:\Users\fenex\OneDrive\Dokumente\Code\GitHub\Parseus\src\Example\DiagnosticExample.cs(202,34): error CS0117: "BaseParser" enthält keine Definition für "GetDiagnosticSummary". [C:\Users\fenex\OneDrive\Dokumente\Code\GitHub\Parseus\Parseus.csproj]
C:\Users\fenex\OneDrive\Dokumente\Code\GitHub\Parseus\src\Parser\ObjectBased\Parser.cs(7,22): warning CS0169: Das Feld "Parser.EbnfNode.success" wird nie verwendet. [C:\Users\fenex\OneDrive\Dokumente\Code\GitHub\Parseus\Parseus.csproj]
C:\Users\fenex\OneDrive\Dokumente\Code\GitHub\Parseus\src\Tests\Lexer.Tests.cs(35,9): warning xUnit2006: Do not use Assert.Equal<string> to test for string equality. Use non-generic Assert.Equal instead. (https://xunit.net/xunit.analyzers/rules/xUnit2006) [C:\Users\fenex\OneDrive\Dokumente\Code\GitHub\Parseus\Parseus.csproj]
C:\Users\fenex\OneDrive\Dokumente\Code\GitHub\Parseus\src\Tests\Lexer.Tests.cs(36,9): warning xUnit2006: Do not use Assert.Equal<string> to test for string equality. Use non-generic Assert.Equal instead. (https://xunit.net/xunit.analyzers/rules/xUnit2006) [C:\Users\fenex\OneDrive\Dokumente\Code\GitHub\Parseus\Parseus.csproj]
C:\Users\fenex\OneDrive\Dokumente\Code\GitHub\Parseus\src\Tests\Lexer.Tests.cs(34,9): warning xUnit2013: Do not use Assert.Equal() to check for collection size. Use Assert.Single instead. (https://xunit.net/xunit.analyzers/rules/xUnit2013) [C:\Users\fenex\OneDrive\Dokumente\Code\GitHub\Parseus\Parseus.csproj]
C:\Users\fenex\OneDrive\Dokumente\Code\GitHub\Parseus\src\Tests\Lexer.Tests.cs(43,9): warning xUnit2013: Do not use Assert.Equal() to check for collection size. Use Assert.Empty instead. (https://xunit.net/xunit.analyzers/rules/xUnit2013) [C:\Users\fenex\OneDrive\Dokumente\Code\GitHub\Parseus\Parseus.csproj]
C:\Users\fenex\OneDrive\Dokumente\Code\GitHub\Parseus\src\Tests\Lexer.Tests.cs(18,9): warning xUnit2006: Do not use Assert.Equal<string> to test for string equality. Use non-generic Assert.Equal instead. (https://xunit.net/xunit.analyzers/rules/xUnit2006) [C:\Users\fenex\OneDrive\Dokumente\Code\GitHub\Parseus\Parseus.csproj]
C:\Users\fenex\OneDrive\Dokumente\Code\GitHub\Parseus\src\Tests\Lexer.Tests.cs(19,9): warning xUnit2006: Do not use Assert.Equal<string> to test for string equality. Use non-generic Assert.Equal instead. (https://xunit.net/xunit.analyzers/rules/xUnit2006) [C:\Users\fenex\OneDrive\Dokumente\Code\GitHub\Parseus\Parseus.csproj]
C:\Users\fenex\OneDrive\Dokumente\Code\GitHub\Parseus\src\Tests\Lexer.Tests.cs(20,9): warning xUnit2006: Do not use Assert.Equal<string> to test for string equality. Use non-generic Assert.Equal instead. (https://xunit.net/xunit.analyzers/rules/xUnit2006) [C:\Users\fenex\OneDrive\Dokumente\Code\GitHub\Parseus\Parseus.csproj]
C:\Users\fenex\OneDrive\Dokumente\Code\GitHub\Parseus\src\Tests\Lexer.Tests.cs(21,9): warning xUnit2006: Do not use Assert.Equal<string> to test for string equality. Use non-generic Assert.Equal instead. (https://xunit.net/xunit.analyzers/rules/xUnit2006) [C:\Users\fenex\OneDrive\Dokumente\Code\GitHub\Parseus\Parseus.csproj]
C:\Users\fenex\OneDrive\Dokumente\Code\GitHub\Parseus\src\Tests\Lexer.Tests.cs(22,9): warning xUnit2006: Do not use Assert.Equal<string> to test for string equality. Use non-generic Assert.Equal instead. (https://xunit.net/xunit.analyzers/rules/xUnit2006) [C:\Users\fenex\OneDrive\Dokumente\Code\GitHub\Parseus\Parseus.csproj]
C:\Users\fenex\OneDrive\Dokumente\Code\GitHub\Parseus\src\Tests\Lexer.Tests.cs(23,9): warning xUnit2006: Do not use Assert.Equal<string> to test for string equality. Use non-generic Assert.Equal instead. (https://xunit.net/xunit.analyzers/rules/xUnit2006) [C:\Users\fenex\OneDrive\Dokumente\Code\GitHub\Parseus\Parseus.csproj]
C:\Users\fenex\OneDrive\Dokumente\Code\GitHub\Parseus\src\Tests\Lexer.Tests.cs(55,9): warning xUnit2006: Do not use Assert.Equal<string> to test for string equality. Use non-generic Assert.Equal instead. (https://xunit.net/xunit.analyzers/rules/xUnit2006) [C:\Users\fenex\OneDrive\Dokumente\Code\GitHub\Parseus\Parseus.csproj]
C:\Users\fenex\OneDrive\Dokumente\Code\GitHub\Parseus\src\Tests\Lexer.Tests.cs(56,9): warning xUnit2006: Do not use Assert.Equal<string> to test for string equality. Use non-generic Assert.Equal instead. (https://xunit.net/xunit.analyzers/rules/xUnit2006) [C:\Users\fenex\OneDrive\Dokumente\Code\GitHub\Parseus\Parseus.csproj]
C:\Users\fenex\OneDrive\Dokumente\Code\GitHub\Parseus\src\Tests\Lexer.Tests.cs(57,9): warning xUnit2006: Do not use Assert.Equal<string> to test for string equality. Use non-generic Assert.Equal instead. (https://xunit.net/xunit.analyzers/rules/xUnit2006) [C:\Users\fenex\OneDrive\Dokumente\Code\GitHub\Parseus\Parseus.csproj]
C:\Users\fenex\OneDrive\Dokumente\Code\GitHub\Parseus\src\Tests\Lexer.Tests.cs(58,9): warning xUnit2006: Do not use Assert.Equal<string> to test for string equality. Use non-generic Assert.Equal instead. (https://xunit.net/xunit.analyzers/rules/xUnit2006) [C:\Users\fenex\OneDrive\Dokumente\Code\GitHub\Parseus\Parseus.csproj]
C:\Users\fenex\OneDrive\Dokumente\Code\GitHub\Parseus\src\Tests\Lexer.Tests.cs(70,9): warning xUnit2006: Do not use Assert.Equal<string> to test for string equality. Use non-generic Assert.Equal instead. (https://xunit.net/xunit.analyzers/rules/xUnit2006) [C:\Users\fenex\OneDrive\Dokumente\Code\GitHub\Parseus\Parseus.csproj]
C:\Users\fenex\OneDrive\Dokumente\Code\GitHub\Parseus\src\Tests\Lexer.Tests.cs(69,9): warning xUnit2013: Do not use Assert.Equal() to check for collection size. Use Assert.Single instead. (https://xunit.net/xunit.analyzers/rules/xUnit2013) [C:\Users\fenex\OneDrive\Dokumente\Code\GitHub\Parseus\Parseus.csproj]
C:\Users\fenex\OneDrive\Dokumente\Code\GitHub\Parseus\src\Tests\Lexer.Tests.cs(82,9): warning xUnit2006: Do not use Assert.Equal<string> to test for string equality. Use non-generic Assert.Equal instead. (https://xunit.net/xunit.analyzers/rules/xUnit2006) [C:\Users\fenex\OneDrive\Dokumente\Code\GitHub\Parseus\Parseus.csproj]
C:\Users\fenex\OneDrive\Dokumente\Code\GitHub\Parseus\src\Tests\Lexer.Tests.cs(83,9): warning xUnit2006: Do not use Assert.Equal<string> to test for string equality. Use non-generic Assert.Equal instead. (https://xunit.net/xunit.analyzers/rules/xUnit2006) [C:\Users\fenex\OneDrive\Dokumente\Code\GitHub\Parseus\Parseus.csproj]
C:\Users\fenex\OneDrive\Dokumente\Code\GitHub\Parseus\src\Tests\Lexer.Tests.cs(81,9): warning xUnit2013: Do not use Assert.Equal() to check for collection size. Use Assert.Single instead. (https://xunit.net/xunit.analyzers/rules/xUnit2013) [C:\Users\fenex\OneDrive\Dokumente\Code\GitHub\Parseus\Parseus.csproj]
  NanoScript.Tiny -> C:\Users\fenex\OneDrive\Dokumente\Code\Rider-Projects\CompilerProject\NanoScript.Tiny\bin\Debug\net9.0\NanoScript.Tiny.dll

Fehler beim Buildvorgang.

C:\Users\fenex\OneDrive\Dokumente\Code\GitHub\Parseus\src\Util\ArrayReader.cs(79,21): warning CS0168: Die Variable "e" ist deklariert, wird aber nie verwendet. [C:\Users\fenex\OneDrive\Dokumente\Code\GitHub\Parseus\Parseus.csproj]
C:\Users\fenex\OneDrive\Dokumente\Code\GitHub\Parseus\src\Parser\ObjectBased\Parser.cs(7,22): warning CS0169: Das Feld "Parser.EbnfNode.success" wird nie verwendet. [C:\Users\fenex\OneDrive\Dokumente\Code\GitHub\Parseus\Parseus.csproj]
C:\Users\fenex\OneDrive\Dokumente\Code\GitHub\Parseus\src\Tests\Lexer.Tests.cs(35,9): warning xUnit2006: Do not use Assert.Equal<string> to test for string equality. Use non-generic Assert.Equal instead. (https://xunit.net/xunit.analyzers/rules/xUnit2006) [C:\Users\fenex\OneDrive\Dokumente\Code\GitHub\Parseus\Parseus.csproj]
C:\Users\fenex\OneDrive\Dokumente\Code\GitHub\Parseus\src\Tests\Lexer.Tests.cs(36,9): warning xUnit2006: Do not use Assert.Equal<string> to test for string equality. Use non-generic Assert.Equal instead. (https://xunit.net/xunit.analyzers/rules/xUnit2006) [C:\Users\fenex\OneDrive\Dokumente\Code\GitHub\Parseus\Parseus.csproj]
C:\Users\fenex\OneDrive\Dokumente\Code\GitHub\Parseus\src\Tests\Lexer.Tests.cs(34,9): warning xUnit2013: Do not use Assert.Equal() to check for collection size. Use Assert.Single instead. (https://xunit.net/xunit.analyzers/rules/xUnit2013) [C:\Users\fenex\OneDrive\Dokumente\Code\GitHub\Parseus\Parseus.csproj]
C:\Users\fenex\OneDrive\Dokumente\Code\GitHub\Parseus\src\Tests\Lexer.Tests.cs(43,9): warning xUnit2013: Do not use Assert.Equal() to check for collection size. Use Assert.Empty instead. (https://xunit.net/xunit.analyzers/rules/xUnit2013) [C:\Users\fenex\OneDrive\Dokumente\Code\GitHub\Parseus\Parseus.csproj]
C:\Users\fenex\OneDrive\Dokumente\Code\GitHub\Parseus\src\Tests\Lexer.Tests.cs(18,9): warning xUnit2006: Do not use Assert.Equal<string> to test for string equality. Use non-generic Assert.Equal instead. (https://xunit.net/xunit.analyzers/rules/xUnit2006) [C:\Users\fenex\OneDrive\Dokumente\Code\GitHub\Parseus\Parseus.csproj]
C:\Users\fenex\OneDrive\Dokumente\Code\GitHub\Parseus\src\Tests\Lexer.Tests.cs(19,9): warning xUnit2006: Do not use Assert.Equal<string> to test for string equality. Use non-generic Assert.Equal instead. (https://xunit.net/xunit.analyzers/rules/xUnit2006) [C:\Users\fenex\OneDrive\Dokumente\Code\GitHub\Parseus\Parseus.csproj]
C:\Users\fenex\OneDrive\Dokumente\Code\GitHub\Parseus\src\Tests\Lexer.Tests.cs(20,9): warning xUnit2006: Do not use Assert.Equal<string> to test for string equality. Use non-generic Assert.Equal instead. (https://xunit.net/xunit.analyzers/rules/xUnit2006) [C:\Users\fenex\OneDrive\Dokumente\Code\GitHub\Parseus\Parseus.csproj]
C:\Users\fenex\OneDrive\Dokumente\Code\GitHub\Parseus\src\Tests\Lexer.Tests.cs(21,9): warning xUnit2006: Do not use Assert.Equal<string> to test for string equality. Use non-generic Assert.Equal instead. (https://xunit.net/xunit.analyzers/rules/xUnit2006) [C:\Users\fenex\OneDrive\Dokumente\Code\GitHub\Parseus\Parseus.csproj]
C:\Users\fenex\OneDrive\Dokumente\Code\GitHub\Parseus\src\Tests\Lexer.Tests.cs(22,9): warning xUnit2006: Do not use Assert.Equal<string> to test for string equality. Use non-generic Assert.Equal instead. (https://xunit.net/xunit.analyzers/rules/xUnit2006) [C:\Users\fenex\OneDrive\Dokumente\Code\GitHub\Parseus\Parseus.csproj]
C:\Users\fenex\OneDrive\Dokumente\Code\GitHub\Parseus\src\Tests\Lexer.Tests.cs(23,9): warning xUnit2006: Do not use Assert.Equal<string> to test for string equality. Use non-generic Assert.Equal instead. (https://xunit.net/xunit.analyzers/rules/xUnit2006) [C:\Users\fenex\OneDrive\Dokumente\Code\GitHub\Parseus\Parseus.csproj]
C:\Users\fenex\OneDrive\Dokumente\Code\GitHub\Parseus\src\Tests\Lexer.Tests.cs(55,9): warning xUnit2006: Do not use Assert.Equal<string> to test for string equality. Use non-generic Assert.Equal instead. (https://xunit.net/xunit.analyzers/rules/xUnit2006) [C:\Users\fenex\OneDrive\Dokumente\Code\GitHub\Parseus\Parseus.csproj]
C:\Users\fenex\OneDrive\Dokumente\Code\GitHub\Parseus\src\Tests\Lexer.Tests.cs(56,9): warning xUnit2006: Do not use Assert.Equal<string> to test for string equality. Use non-generic Assert.Equal instead. (https://xunit.net/xunit.analyzers/rules/xUnit2006) [C:\Users\fenex\OneDrive\Dokumente\Code\GitHub\Parseus\Parseus.csproj]
C:\Users\fenex\OneDrive\Dokumente\Code\GitHub\Parseus\src\Tests\Lexer.Tests.cs(57,9): warning xUnit2006: Do not use Assert.Equal<string> to test for string equality. Use non-generic Assert.Equal instead. (https://xunit.net/xunit.analyzers/rules/xUnit2006) [C:\Users\fenex\OneDrive\Dokumente\Code\GitHub\Parseus\Parseus.csproj]
C:\Users\fenex\OneDrive\Dokumente\Code\GitHub\Parseus\src\Tests\Lexer.Tests.cs(58,9): warning xUnit2006: Do not use Assert.Equal<string> to test for string equality. Use non-generic Assert.Equal instead. (https://xunit.net/xunit.analyzers/rules/xUnit2006) [C:\Users\fenex\OneDrive\Dokumente\Code\GitHub\Parseus\Parseus.csproj]
C:\Users\fenex\OneDrive\Dokumente\Code\GitHub\Parseus\src\Tests\Lexer.Tests.cs(70,9): warning xUnit2006: Do not use Assert.Equal<string> to test for string equality. Use non-generic Assert.Equal instead. (https://xunit.net/xunit.analyzers/rules/xUnit2006) [C:\Users\fenex\OneDrive\Dokumente\Code\GitHub\Parseus\Parseus.csproj]
C:\Users\fenex\OneDrive\Dokumente\Code\GitHub\Parseus\src\Tests\Lexer.Tests.cs(69,9): warning xUnit2013: Do not use Assert.Equal() to check for collection size. Use Assert.Single instead. (https://xunit.net/xunit.analyzers/rules/xUnit2013) [C:\Users\fenex\OneDrive\Dokumente\Code\GitHub\Parseus\Parseus.csproj]
C:\Users\fenex\OneDrive\Dokumente\Code\GitHub\Parseus\src\Tests\Lexer.Tests.cs(82,9): warning xUnit2006: Do not use Assert.Equal<string> to test for string equality. Use non-generic Assert.Equal instead. (https://xunit.net/xunit.analyzers/rules/xUnit2006) [C:\Users\fenex\OneDrive\Dokumente\Code\GitHub\Parseus\Parseus.csproj]
C:\Users\fenex\OneDrive\Dokumente\Code\GitHub\Parseus\src\Tests\Lexer.Tests.cs(83,9): warning xUnit2006: Do not use Assert.Equal<string> to test for string equality. Use non-generic Assert.Equal instead. (https://xunit.net/xunit.analyzers/rules/xUnit2006) [C:\Users\fenex\OneDrive\Dokumente\Code\GitHub\Parseus\Parseus.csproj]
C:\Users\fenex\OneDrive\Dokumente\Code\GitHub\Parseus\src\Tests\Lexer.Tests.cs(81,9): warning xUnit2013: Do not use Assert.Equal() to check for collection size. Use Assert.Single instead. (https://xunit.net/xunit.analyzers/rules/xUnit2013) [C:\Users\fenex\OneDrive\Dokumente\Code\GitHub\Parseus\Parseus.csproj]
C:\Users\fenex\OneDrive\Dokumente\Code\GitHub\Parseus\src\Example\One\TestParser.cs(74,21): error CS0103: Der Name "Literal" ist im aktuellen Kontext nicht vorhanden. [C:\Users\fenex\OneDrive\Dokumente\Code\GitHub\Parseus\Parseus.csproj]
C:\Users\fenex\OneDrive\Dokumente\Code\GitHub\Parseus\src\Example\One\TestParser.cs(75,3): error CS0103: Der Name "Node" ist im aktuellen Kontext nicht vorhanden. [C:\Users\fenex\OneDrive\Dokumente\Code\GitHub\Parseus\Parseus.csproj]
C:\Users\fenex\OneDrive\Dokumente\Code\GitHub\Parseus\src\Example\One\TestParser.cs(77,4): error CS0103: Der Name "Token" ist im aktuellen Kontext nicht vorhanden. [C:\Users\fenex\OneDrive\Dokumente\Code\GitHub\Parseus\Parseus.csproj]
C:\Users\fenex\OneDrive\Dokumente\Code\GitHub\Parseus\src\Example\One\TestParser.cs(78,4): error CS0103: Der Name "Token" ist im aktuellen Kontext nicht vorhanden. [C:\Users\fenex\OneDrive\Dokumente\Code\GitHub\Parseus\Parseus.csproj]
C:\Users\fenex\OneDrive\Dokumente\Code\GitHub\Parseus\src\Example\One\TestParser.cs(81,6): error CS0103: Der Name "Node" ist im aktuellen Kontext nicht vorhanden. [C:\Users\fenex\OneDrive\Dokumente\Code\GitHub\Parseus\Parseus.csproj]
C:\Users\fenex\OneDrive\Dokumente\Code\GitHub\Parseus\src\Example\One\TestParser.cs(86,4): error CS0103: Der Name "Token" ist im aktuellen Kontext nicht vorhanden. [C:\Users\fenex\OneDrive\Dokumente\Code\GitHub\Parseus\Parseus.csproj]
C:\Users\fenex\OneDrive\Dokumente\Code\GitHub\Parseus\src\Example\One\TestParser.cs(90,3): error CS0103: Der Name "Node" ist im aktuellen Kontext nicht vorhanden. [C:\Users\fenex\OneDrive\Dokumente\Code\GitHub\Parseus\Parseus.csproj]
C:\Users\fenex\OneDrive\Dokumente\Code\GitHub\Parseus\src\Example\One\TestParser.cs(91,3): error CS0103: Der Name "Token" ist im aktuellen Kontext nicht vorhanden. [C:\Users\fenex\OneDrive\Dokumente\Code\GitHub\Parseus\Parseus.csproj]
C:\Users\fenex\OneDrive\Dokumente\Code\GitHub\Parseus\src\Example\One\TestParser.cs(92,3): error CS0103: Der Name "Token" ist im aktuellen Kontext nicht vorhanden. [C:\Users\fenex\OneDrive\Dokumente\Code\GitHub\Parseus\Parseus.csproj]
C:\Users\fenex\OneDrive\Dokumente\Code\GitHub\Parseus\src\Example\One\TestParser.cs(95,3): error CS0103: Der Name "Token" ist im aktuellen Kontext nicht vorhanden. [C:\Users\fenex\OneDrive\Dokumente\Code\GitHub\Parseus\Parseus.csproj]
C:\Users\fenex\OneDrive\Dokumente\Code\GitHub\Parseus\src\Tests\TestParser.cs(132,4): error CS0103: Der Name "Node" ist im aktuellen Kontext nicht vorhanden. [C:\Users\fenex\OneDrive\Dokumente\Code\GitHub\Parseus\Parseus.csproj]
C:\Users\fenex\OneDrive\Dokumente\Code\GitHub\Parseus\src\Tests\TestParser.cs(138,3): error CS0103: Der Name "Token" ist im aktuellen Kontext nicht vorhanden. [C:\Users\fenex\OneDrive\Dokumente\Code\GitHub\Parseus\Parseus.csproj]
C:\Users\fenex\OneDrive\Dokumente\Code\GitHub\Parseus\src\Tests\TestParser.cs(139,3): error CS0103: Der Name "Token" ist im aktuellen Kontext nicht vorhanden. [C:\Users\fenex\OneDrive\Dokumente\Code\GitHub\Parseus\Parseus.csproj]
C:\Users\fenex\OneDrive\Dokumente\Code\GitHub\Parseus\src\Tests\TestParser.cs(141,4): error CS0103: Der Name "Token" ist im aktuellen Kontext nicht vorhanden. [C:\Users\fenex\OneDrive\Dokumente\Code\GitHub\Parseus\Parseus.csproj]
C:\Users\fenex\OneDrive\Dokumente\Code\GitHub\Parseus\src\Parser\Examples\Ini-Implicit\IniParser.cs(104,4): error CS0103: Der Name "Node" ist im aktuellen Kontext nicht vorhanden. [C:\Users\fenex\OneDrive\Dokumente\Code\GitHub\Parseus\Parseus.csproj]
C:\Users\fenex\OneDrive\Dokumente\Code\GitHub\Parseus\src\Parser\Examples\Ini-Implicit\IniParser.cs(109,3): error CS0103: Der Name "Literal" ist im aktuellen Kontext nicht vorhanden. [C:\Users\fenex\OneDrive\Dokumente\Code\GitHub\Parseus\Parseus.csproj]
C:\Users\fenex\OneDrive\Dokumente\Code\GitHub\Parseus\src\Parser\Examples\Ini-Implicit\IniParser.cs(110,3): error CS0103: Der Name "Node" ist im aktuellen Kontext nicht vorhanden. [C:\Users\fenex\OneDrive\Dokumente\Code\GitHub\Parseus\Parseus.csproj]
C:\Users\fenex\OneDrive\Dokumente\Code\GitHub\Parseus\src\Parser\Examples\Ini-Implicit\IniParser.cs(111,3): error CS0103: Der Name "Literal" ist im aktuellen Kontext nicht vorhanden. [C:\Users\fenex\OneDrive\Dokumente\Code\GitHub\Parseus\Parseus.csproj]
C:\Users\fenex\OneDrive\Dokumente\Code\GitHub\Parseus\src\Parser\Examples\Ini-Implicit\IniParser.cs(112,3): error CS0103: Der Name "Token" ist im aktuellen Kontext nicht vorhanden. [C:\Users\fenex\OneDrive\Dokumente\Code\GitHub\Parseus\Parseus.csproj]
C:\Users\fenex\OneDrive\Dokumente\Code\GitHub\Parseus\src\Parser\Examples\Ini-Implicit\IniParser.cs(114,4): error CS0103: Der Name "Node" ist im aktuellen Kontext nicht vorhanden. [C:\Users\fenex\OneDrive\Dokumente\Code\GitHub\Parseus\Parseus.csproj]
C:\Users\fenex\OneDrive\Dokumente\Code\GitHub\Parseus\src\Parser\Examples\Ini-Implicit\IniParser.cs(119,3): error CS0103: Der Name "Node" ist im aktuellen Kontext nicht vorhanden. [C:\Users\fenex\OneDrive\Dokumente\Code\GitHub\Parseus\Parseus.csproj]
C:\Users\fenex\OneDrive\Dokumente\Code\GitHub\Parseus\src\Parser\Examples\Ini-Implicit\IniParser.cs(120,3): error CS0103: Der Name "Literal" ist im aktuellen Kontext nicht vorhanden. [C:\Users\fenex\OneDrive\Dokumente\Code\GitHub\Parseus\Parseus.csproj]
C:\Users\fenex\OneDrive\Dokumente\Code\GitHub\Parseus\src\Parser\Examples\Ini-Implicit\IniParser.cs(121,3): error CS0103: Der Name "Node" ist im aktuellen Kontext nicht vorhanden. [C:\Users\fenex\OneDrive\Dokumente\Code\GitHub\Parseus\Parseus.csproj]
C:\Users\fenex\OneDrive\Dokumente\Code\GitHub\Parseus\src\Parser\Examples\Ini-Implicit\IniParser.cs(122,15): error CS0103: Der Name "Token" ist im aktuellen Kontext nicht vorhanden. [C:\Users\fenex\OneDrive\Dokumente\Code\GitHub\Parseus\Parseus.csproj]
C:\Users\fenex\OneDrive\Dokumente\Code\GitHub\Parseus\src\Parser\Examples\Ini-Implicit\IniParser.cs(127,4): error CS0103: Der Name "Token" ist im aktuellen Kontext nicht vorhanden. [C:\Users\fenex\OneDrive\Dokumente\Code\GitHub\Parseus\Parseus.csproj]
C:\Users\fenex\OneDrive\Dokumente\Code\GitHub\Parseus\src\Parser\Examples\Ini-Implicit\IniParser.cs(130,4): error CS0103: Der Name "Token" ist im aktuellen Kontext nicht vorhanden. [C:\Users\fenex\OneDrive\Dokumente\Code\GitHub\Parseus\Parseus.csproj]
C:\Users\fenex\OneDrive\Dokumente\Code\GitHub\Parseus\src\Parser\Examples\Ini-Implicit\IniParser.cs(133,4): error CS0103: Der Name "Token" ist im aktuellen Kontext nicht vorhanden. [C:\Users\fenex\OneDrive\Dokumente\Code\GitHub\Parseus\Parseus.csproj]
C:\Users\fenex\OneDrive\Dokumente\Code\GitHub\Parseus\src\Parser\Examples\Ini-Implicit\IniParser.cs(136,4): error CS0103: Der Name "Node" ist im aktuellen Kontext nicht vorhanden. [C:\Users\fenex\OneDrive\Dokumente\Code\GitHub\Parseus\Parseus.csproj]
C:\Users\fenex\OneDrive\Dokumente\Code\GitHub\Parseus\src\Parser\Examples\Ini-Implicit\IniParser.cs(142,3): error CS0103: Der Name "Literal" ist im aktuellen Kontext nicht vorhanden. [C:\Users\fenex\OneDrive\Dokumente\Code\GitHub\Parseus\Parseus.csproj]
C:\Users\fenex\OneDrive\Dokumente\Code\GitHub\Parseus\src\Parser\Examples\Ini-Implicit\IniParser.cs(143,3): error CS0103: Der Name "Node" ist im aktuellen Kontext nicht vorhanden. [C:\Users\fenex\OneDrive\Dokumente\Code\GitHub\Parseus\Parseus.csproj]
C:\Users\fenex\OneDrive\Dokumente\Code\GitHub\Parseus\src\Parser\Examples\Ini-Implicit\IniParser.cs(145,4): error CS0103: Der Name "Literal" ist im aktuellen Kontext nicht vorhanden. [C:\Users\fenex\OneDrive\Dokumente\Code\GitHub\Parseus\Parseus.csproj]
C:\Users\fenex\OneDrive\Dokumente\Code\GitHub\Parseus\src\Parser\Examples\Ini-Implicit\IniParser.cs(146,4): error CS0103: Der Name "Node" ist im aktuellen Kontext nicht vorhanden. [C:\Users\fenex\OneDrive\Dokumente\Code\GitHub\Parseus\Parseus.csproj]
C:\Users\fenex\OneDrive\Dokumente\Code\GitHub\Parseus\src\Parser\Examples\Ini-Implicit\IniParser.cs(148,3): error CS0103: Der Name "Literal" ist im aktuellen Kontext nicht vorhanden. [C:\Users\fenex\OneDrive\Dokumente\Code\GitHub\Parseus\Parseus.csproj]
C:\Users\fenex\OneDrive\Dokumente\Code\GitHub\Parseus\src\Parser\Examples\Ini-Implicit\IniParser.cs(152,3): error CS0103: Der Name "Token" ist im aktuellen Kontext nicht vorhanden. [C:\Users\fenex\OneDrive\Dokumente\Code\GitHub\Parseus\Parseus.csproj]
C:\Users\fenex\OneDrive\Dokumente\Code\GitHub\Parseus\src\Parser\Examples\SBNF-Implicit\SbnfParser_Parseus.cs(146,5): error CS0103: Der Name "Node" ist im aktuellen Kontext nicht vorhanden. [C:\Users\fenex\OneDrive\Dokumente\Code\GitHub\Parseus\Parseus.csproj]
C:\Users\fenex\OneDrive\Dokumente\Code\GitHub\Parseus\src\Parser\Examples\SBNF-Implicit\SbnfParser_Parseus.cs(152,3): error CS0103: Der Name "Token" ist im aktuellen Kontext nicht vorhanden. [C:\Users\fenex\OneDrive\Dokumente\Code\GitHub\Parseus\Parseus.csproj]
C:\Users\fenex\OneDrive\Dokumente\Code\GitHub\Parseus\src\Parser\Examples\SBNF-Implicit\SbnfParser_Parseus.cs(153,3): error CS0103: Der Name "Token" ist im aktuellen Kontext nicht vorhanden. [C:\Users\fenex\OneDrive\Dokumente\Code\GitHub\Parseus\Parseus.csproj]
C:\Users\fenex\OneDrive\Dokumente\Code\GitHub\Parseus\src\Parser\Examples\SBNF-Implicit\SbnfParser_Parseus.cs(154,3): error CS0103: Der Name "Node" ist im aktuellen Kontext nicht vorhanden. [C:\Users\fenex\OneDrive\Dokumente\Code\GitHub\Parseus\Parseus.csproj]
C:\Users\fenex\OneDrive\Dokumente\Code\GitHub\Parseus\src\Parser\Examples\SBNF-Implicit\SbnfParser_Parseus.cs(155,3): error CS0103: Der Name "Token" ist im aktuellen Kontext nicht vorhanden. [C:\Users\fenex\OneDrive\Dokumente\Code\GitHub\Parseus\Parseus.csproj]
C:\Users\fenex\OneDrive\Dokumente\Code\GitHub\Parseus\src\Parser\Examples\SBNF-Implicit\SbnfParser_Parseus.cs(159,3): error CS0103: Der Name "Node" ist im aktuellen Kontext nicht vorhanden. [C:\Users\fenex\OneDrive\Dokumente\Code\GitHub\Parseus\Parseus.csproj]
C:\Users\fenex\OneDrive\Dokumente\Code\GitHub\Parseus\src\Parser\Examples\SBNF-Implicit\SbnfParser_Parseus.cs(162,5): error CS0103: Der Name "Token" ist im aktuellen Kontext nicht vorhanden. [C:\Users\fenex\OneDrive\Dokumente\Code\GitHub\Parseus\Parseus.csproj]
C:\Users\fenex\OneDrive\Dokumente\Code\GitHub\Parseus\src\Parser\Examples\SBNF-Implicit\SbnfParser_Parseus.cs(163,5): error CS0103: Der Name "Node" ist im aktuellen Kontext nicht vorhanden. [C:\Users\fenex\OneDrive\Dokumente\Code\GitHub\Parseus\Parseus.csproj]
C:\Users\fenex\OneDrive\Dokumente\Code\GitHub\Parseus\src\Parser\Examples\SBNF-Implicit\SbnfParser_Parseus.cs(170,4): error CS0103: Der Name "Node" ist im aktuellen Kontext nicht vorhanden. [C:\Users\fenex\OneDrive\Dokumente\Code\GitHub\Parseus\Parseus.csproj]
C:\Users\fenex\OneDrive\Dokumente\Code\GitHub\Parseus\src\Parser\Examples\SBNF-Implicit\SbnfParser_Parseus.cs(176,3): error CS0103: Der Name "Node" ist im aktuellen Kontext nicht vorhanden. [C:\Users\fenex\OneDrive\Dokumente\Code\GitHub\Parseus\Parseus.csproj]
C:\Users\fenex\OneDrive\Dokumente\Code\GitHub\Parseus\src\Parser\Examples\SBNF-Implicit\SbnfParser_Parseus.cs(186,4): error CS0103: Der Name "Token" ist im aktuellen Kontext nicht vorhanden. [C:\Users\fenex\OneDrive\Dokumente\Code\GitHub\Parseus\Parseus.csproj]
C:\Users\fenex\OneDrive\Dokumente\Code\GitHub\Parseus\src\Parser\Examples\SBNF-Implicit\SbnfParser_Parseus.cs(187,4): error CS0103: Der Name "Node" ist im aktuellen Kontext nicht vorhanden. [C:\Users\fenex\OneDrive\Dokumente\Code\GitHub\Parseus\Parseus.csproj]
C:\Users\fenex\OneDrive\Dokumente\Code\GitHub\Parseus\src\Parser\Examples\SBNF-Implicit\SbnfParser_Parseus.cs(191,4): error CS0103: Der Name "Token" ist im aktuellen Kontext nicht vorhanden. [C:\Users\fenex\OneDrive\Dokumente\Code\GitHub\Parseus\Parseus.csproj]
C:\Users\fenex\OneDrive\Dokumente\Code\GitHub\Parseus\src\Parser\Examples\SBNF-Implicit\SbnfParser_Parseus.cs(193,4): error CS0103: Der Name "Token" ist im aktuellen Kontext nicht vorhanden. [C:\Users\fenex\OneDrive\Dokumente\Code\GitHub\Parseus\Parseus.csproj]
C:\Users\fenex\OneDrive\Dokumente\Code\GitHub\Parseus\src\Parser\Examples\SBNF-Implicit\SbnfParser_Parseus.cs(194,4): error CS0103: Der Name "Node" ist im aktuellen Kontext nicht vorhanden. [C:\Users\fenex\OneDrive\Dokumente\Code\GitHub\Parseus\Parseus.csproj]
C:\Users\fenex\OneDrive\Dokumente\Code\GitHub\Parseus\src\Parser\Examples\SBNF-Implicit\SbnfParser_Parseus.cs(198,4): error CS0103: Der Name "Token" ist im aktuellen Kontext nicht vorhanden. [C:\Users\fenex\OneDrive\Dokumente\Code\GitHub\Parseus\Parseus.csproj]
C:\Users\fenex\OneDrive\Dokumente\Code\GitHub\Parseus\src\Parser\Examples\SBNF-Implicit\SbnfParser_Parseus.cs(200,4): error CS0103: Der Name "Token" ist im aktuellen Kontext nicht vorhanden. [C:\Users\fenex\OneDrive\Dokumente\Code\GitHub\Parseus\Parseus.csproj]
C:\Users\fenex\OneDrive\Dokumente\Code\GitHub\Parseus\src\Parser\Examples\SBNF-Implicit\SbnfParser_Parseus.cs(201,4): error CS0103: Der Name "Node" ist im aktuellen Kontext nicht vorhanden. [C:\Users\fenex\OneDrive\Dokumente\Code\GitHub\Parseus\Parseus.csproj]
C:\Users\fenex\OneDrive\Dokumente\Code\GitHub\Parseus\src\Parser\Examples\SBNF-Implicit\SbnfParser_Parseus.cs(205,4): error CS0103: Der Name "Token" ist im aktuellen Kontext nicht vorhanden. [C:\Users\fenex\OneDrive\Dokumente\Code\GitHub\Parseus\Parseus.csproj]
C:\Users\fenex\OneDrive\Dokumente\Code\GitHub\Parseus\src\Parser\Examples\SBNF-Implicit\SbnfParser_Parseus.cs(207,4): error CS0103: Der Name "Token" ist im aktuellen Kontext nicht vorhanden. [C:\Users\fenex\OneDrive\Dokumente\Code\GitHub\Parseus\Parseus.csproj]
C:\Users\fenex\OneDrive\Dokumente\Code\GitHub\Parseus\src\Parser\Examples\SBNF-Implicit\SbnfParser_Parseus.cs(212,4): error CS0103: Der Name "Token" ist im aktuellen Kontext nicht vorhanden. [C:\Users\fenex\OneDrive\Dokumente\Code\GitHub\Parseus\Parseus.csproj]
C:\Users\fenex\OneDrive\Dokumente\Code\GitHub\Parseus\src\Example\NanoScriptParserExample.cs(54,24): error CS0117: "BaseParser" enthält keine Definition für "OutputDiagnostics". [C:\Users\fenex\OneDrive\Dokumente\Code\GitHub\Parseus\Parseus.csproj]
C:\Users\fenex\OneDrive\Dokumente\Code\GitHub\Parseus\src\Example\NanoScriptParserExample.cs(55,56): error CS0117: "BaseParser" enthält keine Definition für "GetDiagnosticSummary". [C:\Users\fenex\OneDrive\Dokumente\Code\GitHub\Parseus\Parseus.csproj]
C:\Users\fenex\OneDrive\Dokumente\Code\GitHub\Parseus\src\Example\NanoScriptParserExample.cs(64,24): error CS0117: "BaseParser" enthält keine Definition für "ReportError". [C:\Users\fenex\OneDrive\Dokumente\Code\GitHub\Parseus\Parseus.csproj]
C:\Users\fenex\OneDrive\Dokumente\Code\GitHub\Parseus\src\Example\NanoScriptParserExample.cs(71,24): error CS0117: "BaseParser" enthält keine Definition für "ReportError". [C:\Users\fenex\OneDrive\Dokumente\Code\GitHub\Parseus\Parseus.csproj]
C:\Users\fenex\OneDrive\Dokumente\Code\GitHub\Parseus\src\Example\NanoScriptParserExample.cs(78,24): error CS0117: "BaseParser" enthält keine Definition für "ReportError". [C:\Users\fenex\OneDrive\Dokumente\Code\GitHub\Parseus\Parseus.csproj]
C:\Users\fenex\OneDrive\Dokumente\Code\GitHub\Parseus\src\Example\NanoScriptParserExample.cs(89,28): error CS0117: "BaseParser" enthält keine Definition für "ReportError". [C:\Users\fenex\OneDrive\Dokumente\Code\GitHub\Parseus\Parseus.csproj]
C:\Users\fenex\OneDrive\Dokumente\Code\GitHub\Parseus\src\Example\NanoScriptParserExample.cs(90,28): error CS0117: "BaseParser" enthält keine Definition für "ReportNote". [C:\Users\fenex\OneDrive\Dokumente\Code\GitHub\Parseus\Parseus.csproj]
C:\Users\fenex\OneDrive\Dokumente\Code\GitHub\Parseus\src\Example\DiagnosticExample.cs(190,20): error CS0117: "BaseParser" enthält keine Definition für "ReportError". [C:\Users\fenex\OneDrive\Dokumente\Code\GitHub\Parseus\Parseus.csproj]
C:\Users\fenex\OneDrive\Dokumente\Code\GitHub\Parseus\src\Example\DiagnosticExample.cs(193,20): error CS0117: "BaseParser" enthält keine Definition für "ReportWarning". [C:\Users\fenex\OneDrive\Dokumente\Code\GitHub\Parseus\Parseus.csproj]
C:\Users\fenex\OneDrive\Dokumente\Code\GitHub\Parseus\src\Example\DiagnosticExample.cs(196,20): error CS0117: "BaseParser" enthält keine Definition für "ReportNote". [C:\Users\fenex\OneDrive\Dokumente\Code\GitHub\Parseus\Parseus.csproj]
C:\Users\fenex\OneDrive\Dokumente\Code\GitHub\Parseus\src\Example\DiagnosticExample.cs(199,20): error CS0117: "BaseParser" enthält keine Definition für "OutputDiagnostics". [C:\Users\fenex\OneDrive\Dokumente\Code\GitHub\Parseus\Parseus.csproj]
C:\Users\fenex\OneDrive\Dokumente\Code\GitHub\Parseus\src\Example\DiagnosticExample.cs(202,34): error CS0117: "BaseParser" enthält keine Definition für "GetDiagnosticSummary". [C:\Users\fenex\OneDrive\Dokumente\Code\GitHub\Parseus\Parseus.csproj]
    21 Warnung(en)
    67 Fehler

Verstrichene Zeit 00:00:01.31
